*** Using Compiler 'V5.06 update 7 (build 960)', folder: 'D:\keilmdk\1.1\ARM\ARMCC\Bin'
Rebuild target '10MS'
assembling startup_stm32f103xb.s...
compiling cli.c...
compiling stm32f1xx_hal.c...
compiling pwm_cap.c...
compiling stm32f1xx_hal_gpio.c...
compiling main.c...
compiling pwm_gen.c...
compiling stm32f1xx_hal_gpio_ex.c...
compiling stm32f1xx_hal_dma.c...
compiling stm32f1xx_hal_cortex.c...
compiling stm32f1xx_hal_rcc_ex.c...
compiling gpio.c...
compiling stm32f1xx_hal_tim_ex.c...
compiling stm32f1xx_it.c...
compiling stm32f1xx_hal_msp.c...
compiling stm32f1xx_hal_rcc.c...
compiling stm32f1xx_hal_tim.c...
compiling stm32f1xx_hal_pwr.c...
compiling system_stm32f1xx.c...
compiling stm32f1xx_hal_exti.c...
compiling stm32f1xx_hal_flash_ex.c...
compiling stm32f1xx_hal_flash.c...
linking...
Program Size: Code=14342 RO-data=770 RW-data=52 ZI-data=2092  
FromELF: creating hex file...
"10MS\10MS.axf" - 0 Error(s), 0 Warning(s).
Build Time Elapsed:  00:00:03
